    Updating crates.io index
error: failed to select a version for the requirement `ark-marlin = "^0.4"`
candidate versions found which didn't match: 0.3.0, 0.2.0
location searched: crates.io index
required by package `zk-core v0.1.0 (/home/che/zk-ssl-real/crates/zk-core)`
